1001games.com
bestombudsblog.azurewebsites.net
boardgamearena.com
bubbleshooterfree.com
cartoonnetworkhq.com
cbc.ca
clarity.ms
cn-rtb.com
cretclub.azurewebsites.net
crisp.chat
ctrtrk.com
dino.zone
exp-tas.com
facebook.com
flashtalking.com
fortnite.com
ftven.fr
gameanalytics.com
gamedock.io
gamemonetize.co
gamemonkey.org
gamesgamescdn.com
generalsearch.net
geoguessr.com
getviously.com
goodgamestudios.com
google.com.onion
googlesnake.com
googlevideo.com
gumgum.com
ineedthebestoffer.com
jackboxgames.com
jeuxgratuits.org
kahoot.com
kestonim.com
leminotice.azurewebsites.net
logicieleducatif.fr
lumni.fr
msn.com
msn.fr
ocmhood.com
ocmtag.com
oneacumen.azurewebsites.net
oneanselllc.azurewebsites.net
pay.google.com
plausible.io
play-games.com
player.zone
playfabapi.com
prtrackings.com
pubmatic.com
rubiconproject.com
servenobid.com
sharethrough.com
smilewanted.com
snake.zone
softgames.com
sparkcdneus2.azureedge.net
starmobmedia.com
stoneiaden.azurewebsites.net
supermario.ee
supermariobros.zone
taboola.com
teads.tv
traffictourgame.com
vidoomy.com
webvisor.org
wgimager.com
wgplayer.com
withgoogle.com
xboxservices.com
xiti.com
xpaywalletcdn.azureedge.net
yahoo.com
yandex.com
yandex.ru
yourinsel.azurewebsites.net
youtube.com
youtube.fr
